[PBUILD-AI] Version 0.0.0
[SKILL LOADED] OPENSUSE.md (Base skill) from /home/adrian/opencode/pbuild-ai/src/pbuild_ai/skills
[SKILL ACTIVE] lang_python for oterm.spec
[INFO] Using skill profile: lang_python_skill
[AI] Analyzing Spec-file: oterm.spec... (2k/256k tok)
-> AI(gemma4:12b-qat-256k) says:
The spec file uses the prohibited %py3_build and %py3_install macros, and contains a typo in the %build section (%pyton_wheel instead of %pyproject_wheel). Additionally, it is missing several essential BuildRequires like python-rpm-macros and python-devel for the build process.

[INFO] Single package mode (no _manifest found). Running orphan build...
[EXEC] pbuild --orphan --release 0 --no-clean --dist tumbleweed
[BUILD LOG] Wrote 596 bytes to /home/adrian/opencode/pbuild-ai-examples/docs/results/fix-build-failures/gemma4_12b/20260913_191830/build-1.log

[ERROR] Build for oterm.spec failed. Consulting gemma4:12b-qat-256k...

[FIX MODE] Attempt 1/10 — Diagnosing build failure...
[DIAG] Missing build dependencies detected.

--- AI ERROR ANALYSIS ---
The build failed because the `pipper` module is missing from the build environment. The `pipper` package provides the necessary dependencies to build the `oterm` package.
-----------------------------

[BUILD LOG] Wrote 170 bytes to /home/adrian/opencode/pbuild-ai-examples/docs/results/fix-build-failures/gemma4_12b/20260913_191830/build-1.log.analyze
[FIX MODE] Applying suggested changes via tool calls...
[AI] No tool calls in first round — nudging to use tools.
[FIX] No tool calls received. Asking AI to rewrite the spec file...
[FIX] Spec output doesn't look like a spec file. Content preview: <unused49><unused49><unused49><unused49><unused49><unused49><unused49><unused49><unused49><unused49><unused49><unused49><unused49><unused49><unused49><unused49><unused49><unused49><unused49><unused49>
[FIX] Spec rewrite failed. Parsing analysis for RPM tag changes...
[FIX] No RPM tags found in analysis. Analysis preview: The build failed because the `pipper` module is missing from the build environment. The `pipper` package provides the necessary dependencies to build the `oterm` package.
[FIX] Trying to parse change instructions from analysis...
[FIX] Could not apply any fix. Spec unchanged.
[FIX] Saved conversation context to .pai.context for restart.
[FIX ERROR] No source changes were made. Aborting rebuild.
[EXIT] Exiting with code 1.
