starting project builder
    source directory: /home/adrian/opencode/pbuild-ai-examples/sources/fix-build-example
    result directory: /home/adrian/opencode/pbuild-ai-examples/sources/fix-build-example/_build.tumbleweed.x86_64
    build area: /var/tmp/build-root-adrian
    architecture: x86_64
    build config:
      - tumbleweed
    repositories:
      - https://download.opensuse.org/tumbleweed/repo/oss
getting package information
parsing 1 recipe file
fetching metadata of 1 remote repo
preparing package pool
expanding dependencies
fetching 2 binaries from https://download.opensuse.org/tumbleweed/repo/oss
building ./oterm.spec
VM_ROOT: /var/tmp/build-root-adrian/.mount.img, VM_SWAP: /var/tmp/build-root-adrian/.mount.swap
Using mkfs copyin mode to populate the root filesystem
Reusing former build root
logging output to /var/tmp/build-root-adrian/.build.log...
[    0s] Using BUILD_ROOT=/var/tmp/build-root-adrian/.mount
[    0s] Using BUILD_ARCH=x86_64:i686:i586:i486:i386
[    0s] Doing kvm build in /var/tmp/build-root-adrian/.mount.img
[    0s] 
[    0s] 
[    0s] rio started "build oterm.spec" at Sun Sep 13 15:14:07 UTC 2026.
[    0s] 
[    0s] 
[    0s] processing recipe /home/adrian/opencode/pbuild-ai-examples/sources/fix-build-example/oterm.spec ...
[    0s] running changelog2spec --target rpm --file /home/adrian/opencode/pbuild-ai-examples/sources/fix-build-example/oterm.spec
[    0s] init_buildsystem --configdir /usr/lib/build/configs --cachedir /home/adrian/.cache/opensuse.org/build/cache --prepare --rpmlist /var/tmp/build-root-adrian/.build.rpmlist /home/adrian/opencode/pbuild-ai-examples/sources/fix-build-example/oterm.spec ...
[    0s] copying packages...
[    0s] reordering...cycle: libncurses6 -> terminfo-base
[    0s]   breaking dependency terminfo-base -> libncurses6
[    0s] cycle: lua54 -> lua-interpreter
[    0s]   breaking dependency lua54 -> lua-interpreter
[    0s] cycle: binutils -> libctf0
[    0s]   breaking dependency binutils -> libctf0
[    0s] cycle: python313-base -> libpython3_13-1_0
[    0s]   breaking dependency python313-base -> libpython3_13-1_0
[    0s] cycle: python314-base -> libpython3_14-1_0
[    0s]   breaking dependency python314-base -> libpython3_14-1_0
[    0s] cycle: rpm-config-SUSE -> rpm
[    0s]   breaking dependency rpm -> rpm-config-SUSE
[    0s] done
[    1s] cp: -r not specified; omitting directory '/home/adrian/opencode/pbuild-ai-examples/sources/fix-build-example/_build.tumbleweed.x86_64'
[    1s] Detected virtio-serial support
[    1s] booting kvm...
[    1s] ### VM INTERACTION START ###
[    1s] Using virtio-serial support
[    1s] /usr/bin/qemu-kvm -nodefaults -no-reboot -nographic -vga none -cpu host -M pc,accel=kvm,usb=off,dump-guest-core=off,vmport=off -sandbox on -bios /usr/share/qemu/qboot.rom -object rng-random,filename=/dev/random,id=rng0 -device virtio-rng-pci,rng=rng0 -object iothread,id=io0 -net none -kernel /var/tmp/build-root-adrian/.mount/boot/kernel -initrd /var/tmp/build-root-adrian/.mount/boot/initrd -append root=/dev/disk/by-id/virtio-0 rootfstype=ext4 rootflags=noatime elevator=noop nmi_watchdog=0 rw ia32_emulation=1 oops=panic panic=1 quiet console=hvc0 init=/.build/build -m 512 -drive file=/var/tmp/build-root-adrian/.mount.img,format=raw,if=none,id=disk,cache=unsafe,aio=io_uring -device virtio-blk-pci,iothread=io0,drive=disk,serial=0 -drive file=/var/tmp/build-root-adrian/.mount.swap,format=raw,if=none,id=swap,cache=unsafe,aio=io_uring -device virtio-blk-pci,iothread=io0,drive=swap,serial=1 -device virtio-serial,max_ports=2 -device virtconsole,chardev=virtiocon0 -chardev stdio,id=virtiocon0 -chardev socket,id=monitor,server=on,wait=off,path=/var/tmp/build-root-adrian/.mount.img.qemu/monitor -mon chardev=monitor,mode=readline
[    5s] P+q6E616D65\[18t7[32766;32766H[6n8[!p]104\[0m[?7h[1G[0J]3008;start=b4f1327d02fb47afa1562f7e9752d303;user=root;hostname=localhost;machineid=3897cf58448a4b17972e123232771fa1;bootid=9c3866efaf6b4535a3b5882019da4ad8;pid=1;pidfdid=1;comm=systemd;type=boot\[18t7[32766;32766H[6n8[!p]104\[0m[?7h[1G[0JExtracting build.extract.tar
[    5s] ### VM INTERACTION END ###
[    5s] 2nd stage started in virtual machine
[    5s] machine type: x86_64
[    5s] Linux version: 7.2.4-1-default #1 SMP PREEMPT_DYNAMIC Mon Sep 7 16:12:54 UTC 2026 (eac7913)
[    5s] Time: Sun Sep 13 15:14:12 UTC 2026
[    5s] Increasing log level from now on...
[    5s] [    3.673451][  T476] sysrq: Changing Loglevel
[    5s] [    3.673504][  T476] sysrq: Loglevel set to 4
[    5s] Enable sysrq operations
[    5s] Setting up swapspace version 1, size = 1024 MiB (1073737728 bytes)
[    5s] no label, UUID=dba89033-4174-4cbf-8c12-53680278891c
[    5s] logging output to //.build.log...
[    5s] processing recipe //.build-srcdir/oterm.spec ...
[    5s] init_buildsystem --configdir /.build/configs --cachedir /var/cache/build //.build-srcdir/oterm.spec ...
[    5s] initializing rpm db...
[    5s] querying package ids...
[    6s] [1/154] keeping compat-usrmerge-tools-84.87-5.26
[    6s] [2/154] keeping crypto-policies-20250714.cd6043a-5.1
[    6s] [3/154] keeping file-magic-5.48-2.2
[    6s] [4/154] keeping kernel-obs-build-7.2.4-1.1
[    6s] [5/154] keeping pkgconf-m4-2.5.1-1.5
[    6s] [6/154] keeping python-rpm-macros-20260909.65d2791-1.1
[    6s] [7/154] keeping suse-reproducible-builds-1.0-1.2
[    6s] [8/154] keeping system-user-root-20190513-2.20
[    6s] [9/154] keeping filesystem-84.87-21.2
[    6s] [10/154] keeping glibc-2.44-1.1
[    6s] [11/154] keeping diffutils-3.12-1.5
[    6s] [12/154] keeping envsubst-mini-1.0-2.4
[    6s] [13/154] keeping fillup-1.42-281.7
[    6s] [14/154] keeping glibc-gconv-modules-extra-2.44-1.1
[    6s] [15/154] keeping glibc-locale-base-2.44-1.1
[    6s] [16/154] keeping libacl1-2.4.0-1.2
[    6s] [17/154] keeping libalternatives1-2.0+0.4f22c01-1.1
[    6s] [18/154] keeping libatomic1-16.2.0+git9497-3.1
[    6s] [19/154] keeping libattr1-2.6.0-1.2
[    6s] [20/154] keeping libaudit1-4.0.2-3.5
[    6s] [21/154] keeping libbz2-1-1.0.8-6.1
[    6s] [22/154] keeping libcap-ng0-0.8.5-1.7
[    6s] [23/154] keeping libcap2-2.78-1.4
[    6s] [24/154] keeping libcrypt1-4.5.2-2.4
[    6s] [25/154] keeping libeconf0-0.8.4-1.2
[    6s] [26/154] keeping libexpat1-2.8.4-1.1
[    6s] [27/154] keeping libffi8-3.5.2-2.5
[    6s] [28/154] keeping libgcc_s1-16.2.0+git9497-3.1
[    6s] [29/154] keeping libgdbm6-1.26-1.5
[    6s] [30/154] keeping libgmp10-6.3.0-5.6
[    6s] [31/154] keeping libgomp1-16.2.0+git9497-3.1
[    6s] [32/154] keeping libgpg-error0-1.61-2.1
[    6s] [33/154] keeping libitm1-16.2.0+git9497-3.1
[    6s] [34/154] keeping libjitterentropy3-3.6.3-1.5
[    6s] [35/154] keeping liblua5_4-5-5.4.8-4.6
[    6s] [36/154] keeping liblz1-1.16-1.4
[    6s] [37/154] keeping liblz4-1-1.10.0-2.8
[    6s] [38/154] keeping liblzma5-5.8.3-1.4
[    6s] [39/154] keeping libmpdec4-4.0.1-2.5
[    6s] [40/154] keeping libpcre2-8-0-10.48-1.1
[    6s] [41/154] keeping libpkgconf7-2.5.1-1.5
[    6s] [42/154] keeping libpopt0-1.19-2.4
[    6s] [43/154] keeping libseccomp2-2.6.1-3.1
[    6s] [44/154] keeping libsframe2-2.45-4.3
[    6s] [45/154] keeping libsmartcols1-2.42.2-2.1
[    6s] [46/154] keeping libuuid1-2.42.2-2.1
[    6s] [47/154] keeping libxml2-16-2.15.4-1.1
[    6s] [48/154] keeping libz1-1.3.1-3.3
[    6s] [49/154] keeping libzstd1-1.5.7-6.1
[    6s] [50/154] keeping patch-2.8-3.2
[    6s] [51/154] keeping which-2.25-1.3
[    6s] [52/154] keeping alts-2.0+0.4f22c01-1.1
[    6s] [53/154] keeping libblkid1-2.42.2-2.1
[    6s] [54/154] keeping libctf-nobfd0-2.45-4.3
[    6s] [55/154] keeping libgdbm_compat4-1.26-1.5
[    6s] [56/154] keeping libisl23-0.27-1.6
[    6s] [57/154] keeping libmpfr6-4.2.2-1.5
[    6s] [58/154] keeping libselinux1-3.11-2.1
[    6s] [59/154] keeping libstdc++6-16.2.0+git9497-3.1
[    6s] [60/154] keeping perl-base-5.44.0-1.2
[    6s] [61/154] keeping pkgconf-2.5.1-1.5
[    6s] [62/154] keeping libelf1-0.194-1.4
[    6s] [63/154] keeping libgcrypt20-1.12.3-1.1
[    6s] [64/154] keeping permctl-1699_20260806-1.1
[    6s] [65/154] keeping libmagic1-5.48-2.2
[    6s] [66/154] keeping build-mkbaselibs-20260505-1.3
[    6s] [67/154] keeping dwz-0.15-6.6
[    6s] [68/154] keeping findutils-4.11.0-1.2
[    6s] [69/154] keeping fdupes-2.4.0-1.5
[    6s] [70/154] keeping file-5.48-2.2
[    6s] [71/154] keeping libasan8-16.2.0+git9497-3.1
[    6s] [72/154] keeping libfdisk1-2.42.2-2.1
[    6s] [73/154] keeping libhwasan0-16.2.0+git9497-3.1
[    6s] [74/154] keeping liblsan0-16.2.0+git9497-3.1
[    6s] [75/154] keeping libmount1-2.42.2-2.1
[    6s] [76/154] keeping libmpc3-1.4.1-1.4
[    6s] [77/154] keeping libtsan2-16.2.0+git9497-3.1
[    6s] [78/154] keeping libubsan1-16.2.0+git9497-3.1
[    6s] [79/154] keeping sed-4.10-1.4
[    6s] [80/154] keeping tar-1.35-10.1
[    6s] [81/154] keeping libdw1-0.194-1.4
[    6s] [82/154] keeping perl-5.44.0-1.2
[    6s] [83/154] keeping brp-check-suse-84.87+git20260317.a0eb4ba-1.3
[    6s] [84/154] keeping perl-rpm-packaging-1.3-1.3
[    6s] [85/154] keeping libasm1-0.194-1.4
[    6s] [86/154] keeping cpp16-16.2.0+git9497-3.1
[    6s] [87/154] keeping terminfo-base-6.6.20260815-111.1
[    6s] [88/154] keeping libncurses6-6.6.20260815-111.1
[    6s] [89/154] keeping libreadline8-8.3.3-2.6
[    6s] [90/154] keeping ncurses-utils-6.6.20260815-111.1
[    6s] [91/154] keeping bash-5.3.15-8.2
[    6s] [92/154] keeping lua54-5.4.8-4.6
[    6s] [93/154] keeping bash-sh-5.3.15-8.2
[    6s] [94/154] keeping compat-usrmerge-build-84.87-5.26
[    6s] [95/154] keeping lua-interpreter-5-3.3
[    6s] [96/154] keeping cpio-2.15-9.1
[    6s] [97/154] keeping cpp-16-1.1
[    6s] [98/154] keeping gzip-1.14-3.1
[    6s] [99/154] keeping make-4.4.1-3.7
[    6s] [100/154] keeping bzip2-1.0.8-6.1
[    6s] [101/154] keeping grep-3.12-1.5
[    6s] [102/154] keeping pkgconf-pkg-config-2.5.1-1.5
[    6s] [103/154] keeping xz-5.8.3-1.4
[    6s] [104/154] keeping gettext-runtime-mini-1.0-2.4
[    6s] [105/154] keeping gawk-5.4.1-1.2
[    6s] [106/154] keeping coreutils-9.11-4.3
[    6s] [107/154] keeping elfutils-0.194-1.4
[    6s] [108/154] keeping linux-glibc-devel-7.2-1.1
[    6s] [109/154] keeping systemd-rpm-macros-26-1.3
[    6s] [110/154] keeping libxcrypt-devel-4.5.2-2.4
[    6s] [111/154] keeping permissions-config-1699_20260806-1.1
[    6s] [112/154] keeping polkit-default-privs-1550+20260825.76d85e6-1.1
[    6s] [113/154] keeping libopenssl3-3.5.3-8.1
[    6s] [114/154] keeping aaa_base-84.87+git20260610.3b5a868c-1.3
[    6s] [115/154] keeping gettext-tools-mini-1.0-2.4
[    6s] [116/154] keeping binutils-2.45-4.3
[    6s] [117/154] keeping rpm-4.20.1-10.1
[    6s] [118/154] keeping aaa_base-malloccheck-84.87+git20260610.3b5a868c-1.3
[    6s] [119/154] keeping permissions-1699_20260806-1.1
[    6s] [120/154] keeping rpm-config-SUSE-20250904-1.3
[    6s] [121/154] keeping glibc-devel-2.44-1.1
[    6s] [122/154] keeping libctf0-2.45-4.3
[    6s] [123/154] keeping rpmlint-mini-2.10.0+git20260827.9644f1e0-21.35
[    6s] [124/154] keeping build-compare-20260622T095938.6416d96-1.3
[    6s] [125/154] keeping libarchive13-3.8.9-1.1
[    6s] [126/154] keeping librpmbuild10-4.20.1-10.1
[    6s] [127/154] keeping python313-base-3.13.14-2.1
[    6s] [128/154] keeping python314-base-3.14.7-1.2
[    6s] [129/154] keeping debugedit-5.1-1.7
[    6s] [130/154] keeping python313-packaging-26.3-1.1
[    6s] [131/154] keeping python313-pathspec-1.1.1-1.3
[    6s] [132/154] keeping python313-pluggy-1.6.0-2.7
[    6s] [133/154] keeping python313-tomlkit-0.15.1-2.1
[    6s] [134/154] keeping python314-packaging-26.3-1.1
[    6s] [135/154] keeping python314-pathspec-1.1.1-1.3
[    6s] [136/154] keeping python314-pluggy-1.6.0-2.7
[    6s] [137/154] keeping python314-tomlkit-0.15.1-2.1
[    6s] [138/154] keeping libpython3_13-1_0-3.13.14-2.1
[    6s] [139/154] keeping libpython3_14-1_0-3.14.7-1.2
[    6s] [140/154] keeping python313-trove-classifiers-2026.6.1.19-1.1
[    6s] [141/154] keeping python314-trove-classifiers-2026.6.1.19-1.1
[    6s] [142/154] cumulate python313-pip-26.2-1.1
[    6s] [143/154] cumulate python314-pip-26.2-1.1
[    6s] [144/154] keeping pam-1.7.2+git48-1.1
[    6s] [145/154] keeping post-build-checks-84.87+git20260421.8ed5e73-1.1
[    6s] [146/154] keeping gcc16-16.2.0+git9497-3.1
[    6s] [147/154] keeping gcc16-PIE-16.2.0+git9497-3.1
[    6s] [148/154] keeping gcc-16-1.1
[    6s] [149/154] keeping python-rpm-packaging-20210526+a18ca48-1.15
[    6s] [150/154] keeping python313-hatchling-1.32.0-1.1
[    6s] [151/154] keeping python314-hatchling-1.32.0-1.1
[    6s] [152/154] keeping util-linux-2.42.2-2.1
[    6s] [153/154] keeping gcc-PIE-16-1.1
[    6s] [154/154] keeping rpm-build-4.20.1-10.1
[    6s] now installing cumulated packages
[    6s] Preparing...                          ########################################
[    6s] Updating / installing...
[    6s] python314-pip-26.2-1.1                ########################################
[    6s] python313-pip-26.2-1.1                ########################################
[    6s] now finalizing build dir...
[    6s] ... running 01-add_abuild_user_to_trusted_group
[    6s] ... running 02-set_timezone_to_utc
[    6s] ... running 03-set-permissions-secure
[    6s] ... running 11-hack_uname_version_to_kernel_version
[    6s] WARNING: BUILD_RELEASE is not set in /.buildenv, setting SOURCE_DATE_EPOCH_MTIME to SOURCE_DATE_EPOCH
[    7s] -----------------------------------------------------------------
[    7s] ----- building oterm.spec (user abuild)
[    7s] -----------------------------------------------------------------
[    7s] -----------------------------------------------------------------
[    7s] WARNING: BUILD_RELEASE is not set in /.buildenv, setting SOURCE_DATE_EPOCH_MTIME to SOURCE_DATE_EPOCH
[    7s] + exec rpmbuild -ba --define '_srcdefattr (-,root,root)' --nosignature --define '_build_create_debug 1' /home/abuild/rpmbuild/SOURCES/oterm.spec
[    7s] %python_subpackages macro not present
[    7s] (To get rid of this error, either add a %python_subpackages macro to preamble or remove %python_files.
[    7s] error: lua script failed: [string "python_files"]:19: %python_subpackages macro not present
[    7s] 
[    7s]   1<    (%lua)
[    7s] /%python_subpackages_macro_not_present
[    7s]   0<  (%python_files)
[    7s] -n python313-oterm
[    7s] /%python_subpackages_macro_not_present
[    7s] ### VM INTERACTION START ###
[    7s] [    5.252846][    T1] sysrq: Power Off
[    7s] ### VM INTERACTION END ###
[    7s] 
[    7s] rio failed "build oterm.spec" at Sun Sep 13 15:14:14 UTC 2026.
[    7s] 

finished ./oterm.spec after 8s: failed
