starting project builder
    source directory: /home/adrian/opencode/pbuild-ai-examples/sources/fix-build-example
    result directory: /home/adrian/opencode/pbuild-ai-examples/sources/fix-build-example/_build.tumbleweed.x86_64
    build area: /var/tmp/build-root-adrian
    architecture: x86_64
    build config:
      - tumbleweed
    repositories:
      - https://download.opensuse.org/tumbleweed/repo/oss
getting package information
parsing 1 recipe file
fetching metadata of 1 remote repo
preparing package pool
expanding dependencies
fetching 158 binaries from https://download.opensuse.org/tumbleweed/repo/oss
building ./oterm.spec
VM_ROOT: /var/tmp/build-root-adrian/.mount.img, VM_SWAP: /var/tmp/build-root-adrian/.mount.swap
Using mkfs copyin mode to populate the root filesystem
Reusing former build root
logging output to /var/tmp/build-root-adrian/.build.log...
[    0s] Using BUILD_ROOT=/var/tmp/build-root-adrian/.mount
[    0s] Using BUILD_ARCH=x86_64:i686:i586:i486:i386
[    0s] Doing kvm build in /var/tmp/build-root-adrian/.mount.img
[    0s] 
[    0s] 
[    0s] rio started "build oterm.spec" at Sun Sep 13 17:36:28 UTC 2026.
[    0s] 
[    0s] 
[    0s] processing recipe /home/adrian/opencode/pbuild-ai-examples/sources/fix-build-example/oterm.spec ...
[    0s] running changelog2spec --target rpm --file /home/adrian/opencode/pbuild-ai-examples/sources/fix-build-example/oterm.spec
[    0s] init_buildsystem --configdir /usr/lib/build/configs --cachedir /home/adrian/.cache/opensuse.org/build/cache --prepare --rpmlist /var/tmp/build-root-adrian/.build.rpmlist /home/adrian/opencode/pbuild-ai-examples/sources/fix-build-example/oterm.spec ...
[    1s] copying packages...
[    1s] reordering...cycle: libncurses6 -> terminfo-base
[    1s]   breaking dependency terminfo-base -> libncurses6
[    1s] cycle: lua54 -> lua-interpreter
[    1s]   breaking dependency lua54 -> lua-interpreter
[    1s] cycle: binutils -> libctf0
[    1s]   breaking dependency binutils -> libctf0
[    1s] cycle: python313-base -> libpython3_13-1_0
[    1s]   breaking dependency python313-base -> libpython3_13-1_0
[    1s] cycle: python314-base -> libpython3_14-1_0
[    1s]   breaking dependency python314-base -> libpython3_14-1_0
[    1s] cycle: rpm-config-SUSE -> rpm
[    1s]   breaking dependency rpm -> rpm-config-SUSE
[    1s] done
[    1s] cp: -r not specified; omitting directory '/home/adrian/opencode/pbuild-ai-examples/sources/fix-build-example/_build.tumbleweed.x86_64'
[    1s] Detected virtio-serial support
[    2s] booting kvm...
[    2s] ### VM INTERACTION START ###
[    2s] Using virtio-serial support
[    2s] /usr/bin/qemu-kvm -nodefaults -no-reboot -nographic -vga none -cpu host -M pc,accel=kvm,usb=off,dump-guest-core=off,vmport=off -sandbox on -bios /usr/share/qemu/qboot.rom -object rng-random,filename=/dev/random,id=rng0 -device virtio-rng-pci,rng=rng0 -object iothread,id=io0 -net none -kernel /var/tmp/build-root-adrian/.mount/boot/kernel -initrd /var/tmp/build-root-adrian/.mount/boot/initrd -append root=/dev/disk/by-id/virtio-0 rootfstype=ext4 rootflags=noatime elevator=noop nmi_watchdog=0 rw ia32_emulation=1 oops=panic panic=1 quiet console=hvc0 init=/.build/build -m 512 -drive file=/var/tmp/build-root-adrian/.mount.img,format=raw,if=none,id=disk,cache=unsafe,aio=io_uring -device virtio-blk-pci,iothread=io0,drive=disk,serial=0 -drive file=/var/tmp/build-root-adrian/.mount.swap,format=raw,if=none,id=swap,cache=unsafe,aio=io_uring -device virtio-blk-pci,iothread=io0,drive=swap,serial=1 -device virtio-serial,max_ports=2 -device virtconsole,chardev=virtiocon0 -chardev stdio,id=virtiocon0 -chardev socket,id=monitor,server=on,wait=off,path=/var/tmp/build-root-adrian/.mount.img.qemu/monitor -mon chardev=monitor,mode=readline
[    5s] P+q6E616D65\[18t7[32766;32766H[6n8[!p]104\[0m[?7h[1G[0J]3008;start=8391014f35d24289b17627d98717110a;user=root;hostname=localhost;machineid=f78765690be448b9b7ec54e59316f20a;bootid=aa0c9de9ceab49ad9d259cb3641c3b77;pid=1;pidfdid=1;comm=systemd;type=boot\[18t7[32766;32766H[6n8[!p]104\[0m[?7h[1G[0JExtracting build.extract.tar
[    6s] ### VM INTERACTION END ###
[    6s] 2nd stage started in virtual machine
[    6s] machine type: x86_64
[    6s] Linux version: 7.2.4-1-default #1 SMP PREEMPT_DYNAMIC Mon Sep 7 16:12:54 UTC 2026 (eac7913)
[    6s] Time: Sun Sep 13 17:36:34 UTC 2026
[    6s] Increasing log level from now on...
[    6s] [    3.713127][  T476] sysrq: Changing Loglevel
[    6s] [    3.713181][  T476] sysrq: Loglevel set to 4
[    6s] Enable sysrq operations
[    6s] Setting up swapspace version 1, size = 1024 MiB (1073737728 bytes)
[    6s] no label, UUID=0eb15d07-03bb-4afc-818b-cf9c0506c7f2
[    6s] logging output to //.build.log...
[    6s] processing recipe //.build-srcdir/oterm.spec ...
[    6s] init_buildsystem --configdir /.build/configs --cachedir /var/cache/build //.build-srcdir/oterm.spec ...
[    6s] initializing rpm db...
[    6s] querying package ids...
[    6s] [1/158] keeping compat-usrmerge-tools-84.87-5.26
[    6s] [2/158] keeping crypto-policies-20250714.cd6043a-5.1
[    6s] [3/158] keeping file-magic-5.48-2.2
[    6s] [4/158] keeping kernel-obs-build-7.2.4-1.1
[    6s] [5/158] keeping pkgconf-m4-2.5.1-1.5
[    6s] [6/158] keeping python-rpm-macros-20260909.65d2791-1.1
[    6s] [7/158] keeping suse-reproducible-builds-1.0-1.2
[    6s] [8/158] keeping system-user-root-20190513-2.20
[    6s] [9/158] keeping filesystem-84.87-21.2
[    6s] [10/158] keeping glibc-2.44-1.1
[    6s] [11/158] keeping diffutils-3.12-1.5
[    6s] [12/158] keeping envsubst-mini-1.0-2.4
[    6s] [13/158] keeping fillup-1.42-281.7
[    6s] [14/158] keeping glibc-gconv-modules-extra-2.44-1.1
[    6s] [15/158] keeping glibc-locale-base-2.44-1.1
[    6s] [16/158] keeping libacl1-2.4.0-1.2
[    6s] [17/158] keeping libalternatives1-2.0+0.4f22c01-1.1
[    6s] [18/158] keeping libatomic1-16.2.0+git9497-3.1
[    6s] [19/158] keeping libattr1-2.6.0-1.2
[    6s] [20/158] keeping libaudit1-4.0.2-3.5
[    6s] [21/158] keeping libbz2-1-1.0.8-6.1
[    6s] [22/158] keeping libcap-ng0-0.8.5-1.7
[    6s] [23/158] keeping libcap2-2.78-1.4
[    6s] [24/158] keeping libcrypt1-4.5.2-2.4
[    6s] [25/158] keeping libeconf0-0.8.4-1.2
[    6s] [26/158] keeping libexpat1-2.8.4-1.1
[    6s] [27/158] keeping libffi8-3.5.2-2.5
[    6s] [28/158] keeping libgcc_s1-16.2.0+git9497-3.1
[    6s] [29/158] keeping libgdbm6-1.26-1.5
[    6s] [30/158] keeping libgmp10-6.3.0-5.6
[    6s] [31/158] keeping libgomp1-16.2.0+git9497-3.1
[    6s] [32/158] keeping libgpg-error0-1.61-2.1
[    6s] [33/158] keeping libitm1-16.2.0+git9497-3.1
[    6s] [34/158] keeping libjitterentropy3-3.6.3-1.5
[    6s] [35/158] keeping liblua5_4-5-5.4.8-4.6
[    6s] [36/158] keeping liblz1-1.16-1.4
[    6s] [37/158] keeping liblz4-1-1.10.0-2.8
[    6s] [38/158] keeping liblzma5-5.8.3-1.4
[    6s] [39/158] keeping libmpdec4-4.0.1-2.5
[    6s] [40/158] keeping libpcre2-8-0-10.48-1.1
[    6s] [41/158] keeping libpkgconf7-2.5.1-1.5
[    6s] [42/158] keeping libpopt0-1.19-2.4
[    6s] [43/158] keeping libseccomp2-2.6.1-3.1
[    6s] [44/158] keeping libsframe2-2.45-4.3
[    6s] [45/158] keeping libsmartcols1-2.42.2-2.1
[    6s] [46/158] keeping libuuid1-2.42.2-2.1
[    6s] [47/158] keeping libxml2-16-2.15.4-1.1
[    6s] [48/158] keeping libz1-1.3.1-3.3
[    6s] [49/158] keeping libzstd1-1.5.7-6.1
[    6s] [50/158] keeping patch-2.8-3.2
[    6s] [51/158] keeping which-2.25-1.3
[    6s] [52/158] keeping alts-2.0+0.4f22c01-1.1
[    6s] [53/158] keeping libblkid1-2.42.2-2.1
[    6s] [54/158] keeping libctf-nobfd0-2.45-4.3
[    6s] [55/158] keeping libgdbm_compat4-1.26-1.5
[    6s] [56/158] keeping libisl23-0.27-1.6
[    6s] [57/158] keeping libmpfr6-4.2.2-1.5
[    6s] [58/158] keeping libselinux1-3.11-2.1
[    6s] [59/158] keeping libstdc++6-16.2.0+git9497-3.1
[    6s] [60/158] keeping perl-base-5.44.0-1.2
[    6s] [61/158] keeping pkgconf-2.5.1-1.5
[    6s] [62/158] keeping libelf1-0.194-1.4
[    6s] [63/158] keeping libgcrypt20-1.12.3-1.1
[    6s] [64/158] keeping permctl-1699_20260806-1.1
[    6s] [65/158] keeping libmagic1-5.48-2.2
[    6s] [66/158] keeping build-mkbaselibs-20260505-1.3
[    6s] [67/158] keeping dwz-0.15-6.6
[    6s] [68/158] keeping findutils-4.11.0-1.2
[    6s] [69/158] keeping fdupes-2.4.0-1.5
[    6s] [70/158] keeping file-5.48-2.2
[    6s] [71/158] keeping libasan8-16.2.0+git9497-3.1
[    6s] [72/158] keeping libfdisk1-2.42.2-2.1
[    6s] [73/158] keeping libhwasan0-16.2.0+git9497-3.1
[    6s] [74/158] keeping liblsan0-16.2.0+git9497-3.1
[    6s] [75/158] keeping libmount1-2.42.2-2.1
[    6s] [76/158] keeping libmpc3-1.4.1-1.4
[    6s] [77/158] keeping libtsan2-16.2.0+git9497-3.1
[    6s] [78/158] keeping libubsan1-16.2.0+git9497-3.1
[    6s] [79/158] keeping sed-4.10-1.4
[    6s] [80/158] keeping tar-1.35-10.1
[    6s] [81/158] keeping libdw1-0.194-1.4
[    6s] [82/158] keeping perl-5.44.0-1.2
[    6s] [83/158] keeping brp-check-suse-84.87+git20260317.a0eb4ba-1.3
[    6s] [84/158] keeping perl-rpm-packaging-1.3-1.3
[    6s] [85/158] keeping libasm1-0.194-1.4
[    6s] [86/158] keeping cpp16-16.2.0+git9497-3.1
[    6s] [87/158] keeping terminfo-base-6.6.20260815-111.1
[    6s] [88/158] keeping libncurses6-6.6.20260815-111.1
[    6s] [89/158] keeping libreadline8-8.3.3-2.6
[    6s] [90/158] keeping ncurses-utils-6.6.20260815-111.1
[    6s] [91/158] keeping bash-5.3.15-8.2
[    6s] [92/158] keeping lua54-5.4.8-4.6
[    6s] [93/158] keeping bash-sh-5.3.15-8.2
[    6s] [94/158] keeping compat-usrmerge-build-84.87-5.26
[    6s] [95/158] keeping lua-interpreter-5-3.3
[    6s] [96/158] keeping cpio-2.15-9.1
[    6s] [97/158] keeping cpp-16-1.1
[    6s] [98/158] keeping gzip-1.14-3.1
[    6s] [99/158] keeping make-4.4.1-3.7
[    6s] [100/158] keeping bzip2-1.0.8-6.1
[    6s] [101/158] keeping grep-3.12-1.5
[    6s] [102/158] keeping pkgconf-pkg-config-2.5.1-1.5
[    6s] [103/158] keeping xz-5.8.3-1.4
[    6s] [104/158] keeping gettext-runtime-mini-1.0-2.4
[    6s] [105/158] keeping gawk-5.4.1-1.2
[    6s] [106/158] keeping coreutils-9.11-4.3
[    6s] [107/158] keeping elfutils-0.194-1.4
[    6s] [108/158] keeping linux-glibc-devel-7.2-1.1
[    6s] [109/158] keeping systemd-rpm-macros-26-1.3
[    6s] [110/158] keeping libxcrypt-devel-4.5.2-2.4
[    6s] [111/158] keeping permissions-config-1699_20260806-1.1
[    6s] [112/158] keeping polkit-default-privs-1550+20260825.76d85e6-1.1
[    6s] [113/158] keeping libopenssl3-3.5.3-8.1
[    6s] [114/158] keeping aaa_base-84.87+git20260610.3b5a868c-1.3
[    6s] [115/158] keeping gettext-tools-mini-1.0-2.4
[    6s] [116/158] keeping binutils-2.45-4.3
[    6s] [117/158] keeping rpm-4.20.1-10.1
[    6s] [118/158] keeping aaa_base-malloccheck-84.87+git20260610.3b5a868c-1.3
[    6s] [119/158] keeping permissions-1699_20260806-1.1
[    6s] [120/158] keeping rpm-config-SUSE-20250904-1.3
[    6s] [121/158] keeping glibc-devel-2.44-1.1
[    6s] [122/158] keeping libctf0-2.45-4.3
[    6s] [123/158] keeping rpmlint-mini-2.10.0+git20260827.9644f1e0-21.35
[    6s] [124/158] keeping build-compare-20260622T095938.6416d96-1.3
[    6s] [125/158] keeping libarchive13-3.8.9-1.1
[    6s] [126/158] keeping librpmbuild10-4.20.1-10.1
[    6s] [127/158] keeping python313-base-3.13.14-2.1
[    6s] [128/158] cumulate python314-base-3.14.7-1.2
[    6s] [129/158] keeping debugedit-5.1-1.7
[    6s] [130/158] keeping python313-packaging-26.3-1.1
[    6s] [131/158] keeping python313-pathspec-1.1.1-1.3
[    6s] [132/158] keeping python313-pluggy-1.6.0-2.7
[    6s] [133/158] cumulate python313-poetry-core-2.4.0-2.1
[    6s] [134/158] keeping python313-tomlkit-0.15.1-2.1
[    6s] [135/158] cumulate python314-packaging-26.3-1.1
[    6s] [136/158] cumulate python314-pathspec-1.1.1-1.3
[    6s] [137/158] cumulate python314-pluggy-1.6.0-2.7
[    6s] [138/158] cumulate python314-poetry-core-2.4.0-2.1
[    6s] [139/158] cumulate python314-tomlkit-0.15.1-2.1
[    6s] [140/158] keeping libpython3_13-1_0-3.13.14-2.1
[    6s] [141/158] cumulate libpython3_14-1_0-3.14.7-1.2
[    6s] [142/158] keeping python313-trove-classifiers-2026.6.1.19-1.1
[    6s] [143/158] cumulate python314-trove-classifiers-2026.6.1.19-1.1
[    6s] [144/158] cumulate python313-pip-26.2-1.1
[    6s] [145/158] cumulate python314-pip-26.2-1.1
[    6s] [146/158] keeping pam-1.7.2+git48-1.1
[    6s] [147/158] keeping post-build-checks-84.87+git20260421.8ed5e73-1.1
[    6s] [148/158] keeping gcc16-16.2.0+git9497-3.1
[    6s] [149/158] keeping gcc16-PIE-16.2.0+git9497-3.1
[    6s] [150/158] keeping gcc-16-1.1
[    6s] [151/158] keeping python313-wheel-0.48.0-1.1
[    6s] [152/158] cumulate python314-wheel-0.48.0-1.1
[    6s] [153/158] keeping python-rpm-packaging-20210526+a18ca48-1.15
[    6s] [154/158] keeping python313-hatchling-1.32.0-1.1
[    6s] [155/158] cumulate python314-hatchling-1.32.0-1.1
[    6s] [156/158] keeping util-linux-2.42.2-2.1
[    6s] [157/158] keeping gcc-PIE-16-1.1
[    6s] [158/158] keeping rpm-build-4.20.1-10.1
[    6s] now installing cumulated packages
[    6s] Preparing...                          ########################################
[    6s] Updating / installing...
[    6s] libpython3_14-1_0-3.14.7-1.2          ########################################
[    6s] python314-base-3.14.7-1.2             ########################################
[    7s] python314-packaging-26.3-1.1          ########################################
[    7s] python314-pathspec-1.1.1-1.3          ########################################
[    7s] python314-pluggy-1.6.0-2.7            ########################################
[    7s] python314-tomlkit-0.15.1-2.1          ########################################
[    7s] python314-trove-classifiers-2026.6.1.1########################################
[    7s] python314-hatchling-1.32.0-1.1        ########################################
[    7s] python314-wheel-0.48.0-1.1            ########################################
[    7s] python314-poetry-core-2.4.0-2.1       ########################################
[    7s] python314-pip-26.2-1.1                ########################################
[    7s] python313-pip-26.2-1.1                ########################################
[    7s] python313-poetry-core-2.4.0-2.1       ########################################
[    7s] now finalizing build dir...
[    7s] ... running 01-add_abuild_user_to_trusted_group
[    7s] ... running 02-set_timezone_to_utc
[    7s] ... running 03-set-permissions-secure
[    7s] ... running 11-hack_uname_version_to_kernel_version
[    7s] WARNING: BUILD_RELEASE is not set in /.buildenv, setting SOURCE_DATE_EPOCH_MTIME to SOURCE_DATE_EPOCH
[    7s] -----------------------------------------------------------------
[    7s] ----- building oterm.spec (user abuild)
[    7s] -----------------------------------------------------------------
[    7s] -----------------------------------------------------------------
[    8s] WARNING: BUILD_RELEASE is not set in /.buildenv, setting SOURCE_DATE_EPOCH_MTIME to SOURCE_DATE_EPOCH
[    8s] + exec rpmbuild -ba --define '_srcdefattr (-,root,root)' --nosignature --define '_build_create_debug 1' /home/abuild/rpmbuild/SOURCES/oterm.spec
[    8s] Building target platforms: noarch
[    8s] Building for target noarch
[    8s] using SOURCE_DATE_EPOCH with value 1748930680 as build time
[    8s] Executing(%mkbuilddir): /usr/bin/bash -e /var/tmp/rpm-tmp.a1r09l
[    8s] Executing(%prep): /usr/bin/bash -e /var/tmp/rpm-tmp.cQ5WC7
[    8s] + umask 022
[    8s] + cd /home/abuild/rpmbuild/BUILD/oterm-0.13.0-build
[    8s] + cd /home/abuild/rpmbuild/BUILD/oterm-0.13.0-build
[    8s] + rm -rf oterm-0.13.0
[    8s] + /usr/lib/rpm/rpmuncompress -x /home/abuild/rpmbuild/SOURCES/oterm-0.13.0.tar.gz
[    8s] + STATUS=0
[    8s] + '[' 0 -ne 0 ']'
[    8s] + cd oterm-0.13.0
[    8s] + /usr/bin/chmod -Rf a+rX,u+w,g-w,o-w .
[    8s] + RPM_EC=0
[    8s] ++ jobs -p
[    8s] + exit 0
[    8s] Executing(%build): /usr/bin/bash -e /var/tmp/rpm-tmp.RneApa
[    8s] + umask 022
[    8s] + cd /home/abuild/rpmbuild/BUILD/oterm-0.13.0-build
[    8s] + /usr/bin/rm -rf /home/abuild/rpmbuild/BUILD/oterm-0.13.0-build/BUILDROOT
[    8s] ++ dirname /home/abuild/rpmbuild/BUILD/oterm-0.13.0-build/BUILDROOT
[    8s] + /usr/bin/mkdir -p /home/abuild/rpmbuild/BUILD/oterm-0.13.0-build
[    8s] + /usr/bin/mkdir /home/abuild/rpmbuild/BUILD/oterm-0.13.0-build/BUILDROOT
[    8s] + cd oterm-0.13.0
[    8s] ++ '[' -f _current_flavor ']'
[    8s] ++ true
[    8s] + last_flavor=
[    8s] + '[' -z '' ']'
[    8s] + last_flavor=tmp
[    8s] + '[' tmp '!=' python314 ']'
[    8s] + '[' -d build ']'
[    8s] + '[' -d _build.python314 ']'
[    8s] + echo python314
[    8s] + python_flavor=python314
[    8s] + myargs=
[    8s] + '[' -f './dist/*-none-any.whl' ']'
[    8s] + /usr/bin/python3.14 -mpip wheel --verbose --progress-bar off --disable-pip-version-check --use-pep517 --no-build-isolation --no-deps --wheel-dir ./build .
[    8s] Traceback (most recent call last):
[    8s]   File "<frozen runpy>", line 203, in _run_module_as_main
[    8s]   File "<frozen runpy>", line 88, in _run_code
[    8s]   File "/usr/lib/python3.14/site-packages/pip/__main__.py", line 24, in <module>
[    8s]     sys.exit(_main())
[    8s]              ~~~~~^^
[    8s]   File "/usr/lib/python3.14/site-packages/pip/_internal/cli/main.py", line 47, in main
[    8s]     from pip._internal.cli.autocompletion import autocomplete
[    8s]   File "/usr/lib/python3.14/site-packages/pip/_internal/cli/autocompletion.py", line 12, in <module>
[    8s]     from pip._internal.cli.main_parser import create_main_parser
[    8s]   File "/usr/lib/python3.14/site-packages/pip/_internal/cli/main_parser.py", line 6, in <module>
[    8s]     import subprocess
[    8s]   File "/usr/lib64/python3.14/subprocess.py", line 125, in <module>
[    8s]     import selectors
[    8s]   File "/usr/lib64/python3.14/selectors.py", line 11, in <module>
[    8s]     import math
[    8s] ImportError: /lib64/libm.so.6: version `GLIBC_2.44' not found (required by /usr/lib64/python3.14/lib-dynload/math.cpython-314-x86_64-linux-gnu.so)
[    8s] error: Bad exit status from /var/tmp/rpm-tmp.RneApa (%build)
[    8s] 
[    8s] RPM build errors:
[    8s]     Bad exit status from /var/tmp/rpm-tmp.RneApa (%build)
[    8s] ### VM INTERACTION START ###
[    8s] [    5.901581][    T1] sysrq: Power Off
[    8s] ### VM INTERACTION END ###
[    8s] 
[    8s] rio failed "build oterm.spec" at Sun Sep 13 17:36:36 UTC 2026.
[    8s] 

finished ./oterm.spec after 8s: failed
